============================= test session starts =============================
platform win32 -- Python 3.11.9, pytest-9.0.1, pluggy-1.6.0
rootdir: C:\Users\aaron\Desktop\grace-3.1--Aaron-new2\backend
configfile: pytest.ini
plugins: anyio-4.11.0, asyncio-1.3.0, cov-7.0.0
asyncio: mode=Mode.AUTO, debug=False, asyncio_default_fixture_loop_scope=None, asyncio_default_test_loop_scope=function
collected 1730 items / 12 errors / 1670 deselected / 60 selected

=================================== ERRORS ====================================
________ ERROR collecting tests/grace_os/test_grace_os_message_bus.py _________
ImportError while importing test module 'C:\Users\aaron\Desktop\grace-3.1--Aaron-new2\backend\tests\grace_os\test_grace_os_message_bus.py'.
Hint: make sure your test modules/packages have valid Python names.
Traceback:
..\..\AppData\Local\Programs\Python\Python311\Lib\importlib\__init__.py:126: in import_module
    return _bootstrap._gcd_import(name[level:], package, level)
           ^^^^^^^^^^^^^^^^^^^^^^^^^^^^^^^^^^^^^^^^^^^^^^^^^^^^
backend\tests\grace_os\test_grace_os_message_bus.py:8: in <module>
    from grace_os.layers.base_layer import BaseLayer
backend\grace_os\layers\__init__.py:3: in <module>
    from .grace_layer import GraceLayer
backend\grace_os\layers\grace_layer.py:19: in <module>
    from llm_orchestrator.llm_orchestrator import LLMOrchestrator, TaskType
backend\llm_orchestrator\__init__.py:14: in <module>
    from .repo_access import RepositoryAccessLayer
backend\llm_orchestrator\repo_access.py:31: in <module>
    from retrieval.retriever import DocumentRetriever
backend\retrieval\retriever.py:10: in <module>
    from embedding.embedder import EmbeddingModel
backend\embedding\embedder.py:12: in <module>
    from sentence_transformers import SentenceTransformer
..\..\AppData\Local\Programs\Python\Python311\Lib\site-packages\sentence_transformers\__init__.py:3: in <module>
    from .datasets import SentencesDataset, ParallelSentencesDataset
..\..\AppData\Local\Programs\Python\Python311\Lib\site-packages\sentence_transformers\datasets\__init__.py:3: in <module>
    from .ParallelSentencesDataset import ParallelSentencesDataset
..\..\AppData\Local\Programs\Python\Python311\Lib\site-packages\sentence_transformers\datasets\ParallelSentencesDataset.py:4: in <module>
    from .. import SentenceTransformer
..\..\AppData\Local\Programs\Python\Python311\Lib\site-packages\sentence_transformers\SentenceTransformer.py:12: in <module>
    from huggingface_hub import HfApi, HfFolder, Repository, hf_hub_url, cached_download
E   ImportError: cannot import name 'cached_download' from 'huggingface_hub' (C:\Users\aaron\AppData\Local\Programs\Python\Python311\Lib\site-packages\huggingface_hub\__init__.py)
_____________ ERROR collecting tests/test_agent_comprehensive.py ______________
backend\tests\test_agent_comprehensive.py:29: in <module>
    from agent.grace_agent import (
backend\agent\__init__.py:10: in <module>
    from .grace_agent import GraceAgent, AgentConfig, TaskResult
backend\agent\grace_agent.py:23: in <module>
    from execution.bridge import ExecutionBridge, ExecutionConfig, get_execution_bridge
backend\execution\__init__.py:21: in <module>
    from .governed_bridge import (
backend\execution\governed_bridge.py:27: in <module>
    from security.governance import (
backend\security\__init__.py:56: in <module>
    from .governance import (
backend\security\governance.py:29: in <module>
    from layer1.message_bus import (
backend\layer1\__init__.py:42: in <module>
    from .components import (
backend\layer1\components\__init__.py:34: in <module>
    from .ingestion_connector import IngestionConnector
backend\layer1\components\ingestion_connector.py:22: in <module>
    from ingestion.service import TextIngestionService
backend\ingestion\__init__.py:5: in <module>
    from .service import TextIngestionService, TextChunker
backend\ingestion\service.py:19: in <module>
    from backend.models.database_models import Document, DocumentChunk
backend\models\database_models.py:19: in <module>
    class User(BaseModel):
..\..\AppData\Local\Programs\Python\Python311\Lib\site-packages\sqlalchemy\orm\decl_api.py:847: in __init_subclass__
    _as_declarative(cls._sa_registry, cls, cls.__dict__)
..\..\AppData\Local\Programs\Python\Python311\Lib\site-packages\sqlalchemy\orm\decl_base.py:247: in _as_declarative
    return _MapperConfig.setup_mapping(registry, cls, dict_, None, {})
           ^^^^^^^^^^^^^^^^^^^^^^^^^^^^^^^^^^^^^^^^^^^^^^^^^^^^^^^^^^^
..\..\AppData\Local\Programs\Python\Python311\Lib\site-packages\sqlalchemy\orm\decl_base.py:328: in setup_mapping
    return _ClassScanMapperConfig(
..\..\AppData\Local\Programs\Python\Python311\Lib\site-packages\sqlalchemy\orm\decl_base.py:578: in __init__
    self._setup_table(table)
..\..\AppData\Local\Programs\Python\Python311\Lib\site-packages\sqlalchemy\orm\decl_base.py:1729: in _setup_table
    table_cls(
<string>:2: in __new__
    ???
..\..\AppData\Local\Programs\Python\Python311\Lib\site-packages\sqlalchemy\util\deprecations.py:281: in warned
    return fn(*args, **kwargs)  # type: ignore[no-any-return]
           ^^^^^^^^^^^^^^^^^^^
..\..\AppData\Local\Programs\Python\Python311\Lib\site-packages\sqlalchemy\sql\schema.py:436: in __new__
    return cls._new(*args, **kw)
           ^^^^^^^^^^^^^^^^^^^^^
..\..\AppData\Local\Programs\Python\Python311\Lib\site-packages\sqlalchemy\sql\schema.py:468: in _new
    raise exc.InvalidRequestError(
E   sqlalchemy.exc.InvalidRequestError: Table 'users' is already defined for this MetaData instance.  Specify 'extend_existing=True' to redefine options and columns on an existing Table object.
_____________________ ERROR collecting tests/test_app.py ______________________
backend\tests\test_app.py:7: in <module>
    from app import app, ChatRequest, ChatResponse, Message, HealthResponse
backend\app.py:38: in <module>
    from api.brain_api_v2 import router as brain_router
backend\api\__init__.py:5: in <module>
    from .ingest import router as ingest_router
backend\api\ingest.py:12: in <module>
    from backend.ingestion.service import TextIngestionService
backend\ingestion\__init__.py:5: in <module>
    from .service import TextIngestionService, TextChunker
backend\ingestion\service.py:19: in <module>
    from backend.models.database_models import Document, DocumentChunk
backend\models\database_models.py:19: in <module>
    class User(BaseModel):
..\..\AppData\Local\Programs\Python\Python311\Lib\site-packages\sqlalchemy\orm\decl_api.py:847: in __init_subclass__
    _as_declarative(cls._sa_registry, cls, cls.__dict__)
..\..\AppData\Local\Programs\Python\Python311\Lib\site-packages\sqlalchemy\orm\decl_base.py:247: in _as_declarative
    return _MapperConfig.setup_mapping(registry, cls, dict_, None, {})
           ^^^^^^^^^^^^^^^^^^^^^^^^^^^^^^^^^^^^^^^^^^^^^^^^^^^^^^^^^^^
..\..\AppData\Local\Programs\Python\Python311\Lib\site-packages\sqlalchemy\orm\decl_base.py:328: in setup_mapping
    return _ClassScanMapperConfig(
..\..\AppData\Local\Programs\Python\Python311\Lib\site-packages\sqlalchemy\orm\decl_base.py:578: in __init__
    self._setup_table(table)
..\..\AppData\Local\Programs\Python\Python311\Lib\site-packages\sqlalchemy\orm\decl_base.py:1729: in _setup_table
    table_cls(
<string>:2: in __new__
    ???
..\..\AppData\Local\Programs\Python\Python311\Lib\site-packages\sqlalchemy\util\deprecations.py:281: in warned
    return fn(*args, **kwargs)  # type: ignore[no-any-return]
           ^^^^^^^^^^^^^^^^^^^
..\..\AppData\Local\Programs\Python\Python311\Lib\site-packages\sqlalchemy\sql\schema.py:436: in __new__
    return cls._new(*args, **kw)
           ^^^^^^^^^^^^^^^^^^^^^
..\..\AppData\Local\Programs\Python\Python311\Lib\site-packages\sqlalchemy\sql\schema.py:468: in _new
    raise exc.InvalidRequestError(
E   sqlalchemy.exc.InvalidRequestError: Table 'users' is already defined for this MetaData instance.  Specify 'extend_existing=True' to redefine options and columns on an existing Table object.
------------------------------- Captured stdout -------------------------------
[OK] Genesis log handler: WARNING+ -> Genesis keys
[OK] Logging configured: Console(WARN+), File(DEBUG+), Structured(INFO+), Audit(WARN+) -> logs/
_________________ ERROR collecting tests/test_auto_ingest.py __________________
backend\tests\test_auto_ingest.py:27: in <module>
    from ingestion.file_manager import IngestionFileManager
backend\ingestion\__init__.py:5: in <module>
    from .service import TextIngestionService, TextChunker
backend\ingestion\service.py:19: in <module>
    from backend.models.database_models import Document, DocumentChunk
backend\models\database_models.py:19: in <module>
    class User(BaseModel):
..\..\AppData\Local\Programs\Python\Python311\Lib\site-packages\sqlalchemy\orm\decl_api.py:847: in __init_subclass__
    _as_declarative(cls._sa_registry, cls, cls.__dict__)
..\..\AppData\Local\Programs\Python\Python311\Lib\site-packages\sqlalchemy\orm\decl_base.py:247: in _as_declarative
    return _MapperConfig.setup_mapping(registry, cls, dict_, None, {})
           ^^^^^^^^^^^^^^^^^^^^^^^^^^^^^^^^^^^^^^^^^^^^^^^^^^^^^^^^^^^
..\..\AppData\Local\Programs\Python\Python311\Lib\site-packages\sqlalchemy\orm\decl_base.py:328: in setup_mapping
    return _ClassScanMapperConfig(
..\..\AppData\Local\Programs\Python\Python311\Lib\site-packages\sqlalchemy\orm\decl_base.py:578: in __init__
    self._setup_table(table)
..\..\AppData\Local\Programs\Python\Python311\Lib\site-packages\sqlalchemy\orm\decl_base.py:1729: in _setup_table
    table_cls(
<string>:2: in __new__
    ???
..\..\AppData\Local\Programs\Python\Python311\Lib\site-packages\sqlalchemy\util\deprecations.py:281: in warned
    return fn(*args, **kwargs)  # type: ignore[no-any-return]
           ^^^^^^^^^^^^^^^^^^^
..\..\AppData\Local\Programs\Python\Python311\Lib\site-packages\sqlalchemy\sql\schema.py:436: in __new__
    return cls._new(*args, **kw)
           ^^^^^^^^^^^^^^^^^^^^^
..\..\AppData\Local\Programs\Python\Python311\Lib\site-packages\sqlalchemy\sql\schema.py:468: in _new
    raise exc.InvalidRequestError(
E   sqlalchemy.exc.InvalidRequestError: Table 'users' is already defined for this MetaData instance.  Specify 'extend_existing=True' to redefine options and columns on an existing Table object.
------------------------------- Captured stdout -------------------------------
[TEST] Initializing database...\n[TEST] \u2713 Database initialized\n\n[TEST] Setting up file manager...
______________ ERROR collecting tests/test_document_download.py _______________
ImportError while importing test module 'C:\Users\aaron\Desktop\grace-3.1--Aaron-new2\backend\tests\test_document_download.py'.
Hint: make sure your test modules/packages have valid Python names.
Traceback:
..\..\AppData\Local\Programs\Python\Python311\Lib\importlib\__init__.py:126: in import_module
    return _bootstrap._gcd_import(name[level:], package, level)
           ^^^^^^^^^^^^^^^^^^^^^^^^^^^^^^^^^^^^^^^^^^^^^^^^^^^^
backend\tests\test_document_download.py:18: in <module>
    from scraping.url_validator import URLValidator
backend\scraping\__init__.py:8: in <module>
    from .service import WebScrapingService
backend\scraping\service.py:12: in <module>
    import trafilatura
E   ModuleNotFoundError: No module named 'trafilatura'
________________ ERROR collecting tests/test_drive_support.py _________________
ImportError while importing test module 'C:\Users\aaron\Desktop\grace-3.1--Aaron-new2\backend\tests\test_drive_support.py'.
Hint: make sure your test modules/packages have valid Python names.
Traceback:
..\..\AppData\Local\Programs\Python\Python311\Lib\importlib\__init__.py:126: in import_module
    return _bootstrap._gcd_import(name[level:], package, level)
           ^^^^^^^^^^^^^^^^^^^^^^^^^^^^^^^^^^^^^^^^^^^^^^^^^^^^
backend\tests\test_drive_support.py:12: in <module>
    from scraping.url_validator import URLValidator
backend\scraping\__init__.py:8: in <module>
    from .service import WebScrapingService
backend\scraping\service.py:12: in <module>
    import trafilatura
E   ModuleNotFoundError: No module named 'trafilatura'
________________ ERROR collecting tests/test_file_detector.py _________________
backend\tests\test_file_detector.py:14: in <module>
    from ingestion.file_manager import IngestionFileManager
backend\ingestion\__init__.py:5: in <module>
    from .service import TextIngestionService, TextChunker
backend\ingestion\service.py:19: in <module>
    from backend.models.database_models import Document, DocumentChunk
backend\models\database_models.py:19: in <module>
    class User(BaseModel):
..\..\AppData\Local\Programs\Python\Python311\Lib\site-packages\sqlalchemy\orm\decl_api.py:847: in __init_subclass__
    _as_declarative(cls._sa_registry, cls, cls.__dict__)
..\..\AppData\Local\Programs\Python\Python311\Lib\site-packages\sqlalchemy\orm\decl_base.py:247: in _as_declarative
    return _MapperConfig.setup_mapping(registry, cls, dict_, None, {})
           ^^^^^^^^^^^^^^^^^^^^^^^^^^^^^^^^^^^^^^^^^^^^^^^^^^^^^^^^^^^
..\..\AppData\Local\Programs\Python\Python311\Lib\site-packages\sqlalchemy\orm\decl_base.py:328: in setup_mapping
    return _ClassScanMapperConfig(
..\..\AppData\Local\Programs\Python\Python311\Lib\site-packages\sqlalchemy\orm\decl_base.py:578: in __init__
    self._setup_table(table)
..\..\AppData\Local\Programs\Python\Python311\Lib\site-packages\sqlalchemy\orm\decl_base.py:1729: in _setup_table
    table_cls(
<string>:2: in __new__
    ???
..\..\AppData\Local\Programs\Python\Python311\Lib\site-packages\sqlalchemy\util\deprecations.py:281: in warned
    return fn(*args, **kwargs)  # type: ignore[no-any-return]
           ^^^^^^^^^^^^^^^^^^^
..\..\AppData\Local\Programs\Python\Python311\Lib\site-packages\sqlalchemy\sql\schema.py:436: in __new__
    return cls._new(*args, **kw)
           ^^^^^^^^^^^^^^^^^^^^^
..\..\AppData\Local\Programs\Python\Python311\Lib\site-packages\sqlalchemy\sql\schema.py:468: in _new
    raise exc.InvalidRequestError(
E   sqlalchemy.exc.InvalidRequestError: Table 'users' is already defined for this MetaData instance.  Specify 'extend_existing=True' to redefine options and columns on an existing Table object.
_____________ ERROR collecting tests/test_file_detector_simple.py _____________
backend\tests\test_file_detector_simple.py:14: in <module>
    from ingestion.file_manager import IngestionFileManager
backend\ingestion\__init__.py:5: in <module>
    from .service import TextIngestionService, TextChunker
backend\ingestion\service.py:19: in <module>
    from backend.models.database_models import Document, DocumentChunk
backend\models\database_models.py:19: in <module>
    class User(BaseModel):
..\..\AppData\Local\Programs\Python\Python311\Lib\site-packages\sqlalchemy\orm\decl_api.py:847: in __init_subclass__
    _as_declarative(cls._sa_registry, cls, cls.__dict__)
..\..\AppData\Local\Programs\Python\Python311\Lib\site-packages\sqlalchemy\orm\decl_base.py:247: in _as_declarative
    return _MapperConfig.setup_mapping(registry, cls, dict_, None, {})
           ^^^^^^^^^^^^^^^^^^^^^^^^^^^^^^^^^^^^^^^^^^^^^^^^^^^^^^^^^^^
..\..\AppData\Local\Programs\Python\Python311\Lib\site-packages\sqlalchemy\orm\decl_base.py:328: in setup_mapping
    return _ClassScanMapperConfig(
..\..\AppData\Local\Programs\Python\Python311\Lib\site-packages\sqlalchemy\orm\decl_base.py:578: in __init__
    self._setup_table(table)
..\..\AppData\Local\Programs\Python\Python311\Lib\site-packages\sqlalchemy\orm\decl_base.py:1729: in _setup_table
    table_cls(
<string>:2: in __new__
    ???
..\..\AppData\Local\Programs\Python\Python311\Lib\site-packages\sqlalchemy\util\deprecations.py:281: in warned
    return fn(*args, **kwargs)  # type: ignore[no-any-return]
           ^^^^^^^^^^^^^^^^^^^
..\..\AppData\Local\Programs\Python\Python311\Lib\site-packages\sqlalchemy\sql\schema.py:436: in __new__
    return cls._new(*args, **kw)
           ^^^^^^^^^^^^^^^^^^^^^
..\..\AppData\Local\Programs\Python\Python311\Lib\site-packages\sqlalchemy\sql\schema.py:468: in _new
    raise exc.InvalidRequestError(
E   sqlalchemy.exc.InvalidRequestError: Table 'users' is already defined for this MetaData instance.  Specify 'extend_existing=True' to redefine options and columns on an existing Table object.
_______________ ERROR collecting tests/test_file_management.py ________________
backend\tests\test_file_management.py:16: in <module>
    from ingestion.service import TextIngestionService
backend\ingestion\__init__.py:5: in <module>
    from .service import TextIngestionService, TextChunker
backend\ingestion\service.py:19: in <module>
    from backend.models.database_models import Document, DocumentChunk
backend\models\database_models.py:19: in <module>
    class User(BaseModel):
..\..\AppData\Local\Programs\Python\Python311\Lib\site-packages\sqlalchemy\orm\decl_api.py:847: in __init_subclass__
    _as_declarative(cls._sa_registry, cls, cls.__dict__)
..\..\AppData\Local\Programs\Python\Python311\Lib\site-packages\sqlalchemy\orm\decl_base.py:247: in _as_declarative
    return _MapperConfig.setup_mapping(registry, cls, dict_, None, {})
           ^^^^^^^^^^^^^^^^^^^^^^^^^^^^^^^^^^^^^^^^^^^^^^^^^^^^^^^^^^^
..\..\AppData\Local\Programs\Python\Python311\Lib\site-packages\sqlalchemy\orm\decl_base.py:328: in setup_mapping
    return _ClassScanMapperConfig(
..\..\AppData\Local\Programs\Python\Python311\Lib\site-packages\sqlalchemy\orm\decl_base.py:578: in __init__
    self._setup_table(table)
..\..\AppData\Local\Programs\Python\Python311\Lib\site-packages\sqlalchemy\orm\decl_base.py:1729: in _setup_table
    table_cls(
<string>:2: in __new__
    ???
..\..\AppData\Local\Programs\Python\Python311\Lib\site-packages\sqlalchemy\util\deprecations.py:281: in warned
    return fn(*args, **kwargs)  # type: ignore[no-any-return]
           ^^^^^^^^^^^^^^^^^^^
..\..\AppData\Local\Programs\Python\Python311\Lib\site-packages\sqlalchemy\sql\schema.py:436: in __new__
    return cls._new(*args, **kw)
           ^^^^^^^^^^^^^^^^^^^^^
..\..\AppData\Local\Programs\Python\Python311\Lib\site-packages\sqlalchemy\sql\schema.py:468: in _new
    raise exc.InvalidRequestError(
E   sqlalchemy.exc.InvalidRequestError: Table 'users' is already defined for this MetaData instance.  Specify 'extend_existing=True' to redefine options and columns on an existing Table object.
_____________ ERROR collecting tests/test_layer4_action_router.py _____________
C:\Users\aaron\Desktop\grace-3.1--Aaron-new2\backend\tests\test_layer4_action_router.py:35: in <module>
    from diagnostic_machine.action_router import (
C:\Users\aaron\Desktop\grace-3.1--Aaron-new2\backend\diagnostic_machine\__init__.py:28: in <module>
    from .action_router import ActionRouter, ActionDecision
C:\Users\aaron\Desktop\grace-3.1--Aaron-new2\backend\diagnostic_machine\action_router.py:84: in <module>
    from ml_intelligence.neuro_symbolic_reasoner import NeuroSymbolicReasoner
C:\Users\aaron\Desktop\grace-3.1--Aaron-new2\backend\ml_intelligence\__init__.py:47: in <module>
    from .active_learning_sampler import (
C:\Users\aaron\Desktop\grace-3.1--Aaron-new2\backend\ml_intelligence\active_learning_sampler.py:22: in <module>
    from sklearn.cluster import KMeans
C:\Users\aaron\AppData\Local\Programs\Python\Python311\Lib\site-packages\sklearn\cluster\__init__.py:16: in <module>
    from ._dbscan import DBSCAN, dbscan
C:\Users\aaron\AppData\Local\Programs\Python\Python311\Lib\site-packages\sklearn\cluster\_dbscan.py:16: in <module>
    from ..neighbors import NearestNeighbors
C:\Users\aaron\AppData\Local\Programs\Python\Python311\Lib\site-packages\sklearn\neighbors\__init__.py:6: in <module>
    from ._ball_tree import BallTree
sklearn/neighbors/_ball_tree.pyx:3: in init sklearn.neighbors._ball_tree
    ???
E   TypeError: numpy.dtype is not a type object
________________ ERROR collecting tests/test_sample_cat_url.py ________________
ImportError while importing test module 'C:\Users\aaron\Desktop\grace-3.1--Aaron-new2\backend\tests\test_sample_cat_url.py'.
Hint: make sure your test modules/packages have valid Python names.
Traceback:
..\..\..\..\AppData\Local\Programs\Python\Python311\Lib\importlib\__init__.py:126: in import_module
    return _bootstrap._gcd_import(name[level:], package, level)
           ^^^^^^^^^^^^^^^^^^^^^^^^^^^^^^^^^^^^^^^^^^^^^^^^^^^^
test_sample_cat_url.py:8: in <module>
    from scraping.url_validator import URLValidator
..\scraping\__init__.py:8: in <module>
    from .service import WebScrapingService
..\scraping\service.py:12: in <module>
    import trafilatura
E   ModuleNotFoundError: No module named 'trafilatura'
____________ ERROR collecting tests/test_z3_physics_integration.py ____________
ImportError while importing test module 'C:\Users\aaron\Desktop\grace-3.1--Aaron-new2\backend\tests\test_z3_physics_integration.py'.
Hint: make sure your test modules/packages have valid Python names.
Traceback:
..\..\..\..\AppData\Local\Programs\Python\Python311\Lib\importlib\__init__.py:126: in import_module
    return _bootstrap._gcd_import(name[level:], package, level)
           ^^^^^^^^^^^^^^^^^^^^^^^^^^^^^^^^^^^^^^^^^^^^^^^^^^^^
test_z3_physics_integration.py:4: in <module>
    from backend.cognitive.physics.qwen_z3_pipeline import QwenZ3Pipeline
..\cognitive\physics\qwen_z3_pipeline.py:6: in <module>
    from llm_orchestrator.llm_orchestrator import get_llm_orchestrator
..\llm_orchestrator\__init__.py:14: in <module>
    from .repo_access import RepositoryAccessLayer
..\llm_orchestrator\repo_access.py:31: in <module>
    from retrieval.retriever import DocumentRetriever
..\retrieval\retriever.py:10: in <module>
    from embedding.embedder import EmbeddingModel
E   ModuleNotFoundError: No module named 'embedding.embedder'; 'embedding' is not a package
============================== warnings summary ===============================
backend\models\database_models.py:19
backend\models\database_models.py:19
backend\models\database_models.py:19
backend\models\database_models.py:19
backend\models\database_models.py:19
  C:\Users\aaron\Desktop\grace-3.1--Aaron-new2\backend\models\database_models.py:19: SAWarning: This declarative base already contains a class with the same class name and module name as backend.models.database_models.User, and will be replaced in the string-lookup table.
    class User(BaseModel):

-- Docs: https://docs.pytest.org/en/stable/how-to/capture-warnings.html
=========================== short test summary info ===========================
ERROR backend\tests\grace_os\test_grace_os_message_bus.py
ERROR backend\tests\test_agent_comprehensive.py - sqlalchemy.exc.InvalidReque...
ERROR backend\tests\test_app.py - sqlalchemy.exc.InvalidRequestError: Table '...
ERROR backend\tests\test_auto_ingest.py - sqlalchemy.exc.InvalidRequestError:...
ERROR backend\tests\test_document_download.py
ERROR backend\tests\test_drive_support.py
ERROR backend\tests\test_file_detector.py - sqlalchemy.exc.InvalidRequestErro...
ERROR backend\tests\test_file_detector_simple.py - sqlalchemy.exc.InvalidRequ...
ERROR backend\tests\test_file_management.py - sqlalchemy.exc.InvalidRequestEr...
ERROR backend\tests\test_layer4_action_router.py - TypeError: numpy.dtype is ...
ERROR backend\tests\test_sample_cat_url.py
ERROR backend\tests\test_z3_physics_integration.py
!!!!!!!!!!!!!!!!!! Interrupted: 12 errors during collection !!!!!!!!!!!!!!!!!!!
=============== 1670 deselected, 5 warnings, 12 errors in 6.36s ===============
