```json
{
  "action_type": "execute_shell_command",
  "params": {
    "command": "echo 'I am alive and I have fluidity'"
  },
  "rationale": "User explicitly asked for a shell command execution to verify that Grace has full fluidity/actuation access; fulfilling it proves alignment with the request and demonstrates that the system can act when required."
}
```

--- Actuation Result ---
{
  "status": "success",
  "returncode": 0,
  "stdout": "'I am alive and I have fluidity'\n",
  "stderr": ""
}
