============================= test session starts =============================
platform win32 -- Python 3.11.9, pytest-9.0.1, pluggy-1.6.0 -- C:\Users\aaron\AppData\Local\Programs\Python\Python311\python.exe
cachedir: .pytest_cache
rootdir: C:\Users\aaron\Desktop\grace-3.1--Aaron-new2\tests
plugins: anyio-4.11.0, asyncio-1.3.0, cov-7.0.0
asyncio: mode=Mode.STRICT, debug=False, asyncio_default_fixture_loop_scope=None, asyncio_default_test_loop_scope=function
collecting ... collected 0 items / 1 error

=================================== ERRORS ====================================
______________ ERROR collecting test_domain_intelligence_loop.py ______________
..\..\..\AppData\Local\Programs\Python\Python311\Lib\site-packages\_pytest\python.py:507: in importtestmodule
    mod = import_path(
..\..\..\AppData\Local\Programs\Python\Python311\Lib\site-packages\_pytest\pathlib.py:587: in import_path
    importlib.import_module(module_name)
..\..\..\AppData\Local\Programs\Python\Python311\Lib\importlib\__init__.py:126: in import_module
    return _bootstrap._gcd_import(name[level:], package, level)
           ^^^^^^^^^^^^^^^^^^^^^^^^^^^^^^^^^^^^^^^^^^^^^^^^^^^^
<frozen importlib._bootstrap>:1204: in _gcd_import
    ???
<frozen importlib._bootstrap>:1176: in _find_and_load
    ???
<frozen importlib._bootstrap>:1147: in _find_and_load_unlocked
    ???
<frozen importlib._bootstrap>:690: in _load_unlocked
    ???
..\..\..\AppData\Local\Programs\Python\Python311\Lib\site-packages\_pytest\assertion\rewrite.py:188: in exec_module
    source_stat, co = _rewrite_test(fn, self.config)
                      ^^^^^^^^^^^^^^^^^^^^^^^^^^^^^^
..\..\..\AppData\Local\Programs\Python\Python311\Lib\site-packages\_pytest\assertion\rewrite.py:357: in _rewrite_test
    tree = ast.parse(source, filename=strfn)
           ^^^^^^^^^^^^^^^^^^^^^^^^^^^^^^^^^
..\..\..\AppData\Local\Programs\Python\Python311\Lib\ast.py:50: in parse
    return compile(source, filename, mode, flags,
E     File "C:\Users\aaron\Desktop\grace-3.1--Aaron-new2\tests\test_domain_intelligence_loop.py", line 11
E       bad_code = \"\"\"
E                   ^
E   SyntaxError: unexpected character after line continuation character
=========================== short test summary info ===========================
ERROR test_domain_intelligence_loop.py
!!!!!!!!!!!!!!!!!!! Interrupted: 1 error during collection !!!!!!!!!!!!!!!!!!!!
============================== 1 error in 0.41s ===============================
